// Jest Snapshot v1, https://goo.gl/fbAQLP

exports[`createPrettyComponent tests it should match the base snapshot 1`] = `
<div>
  <div
    aria-checked="false"
    class="pretty p-default"
    role="checkbox"
  >
    <input
      type="checkbox"
      value=""
    />
    <div
      class="state"
    >
      <label />
    </div>
  </div>
</div>
`;
