// Jest Snapshot v1, https://goo.gl/fbAQLP

exports[`Input tests Input custom rendering should support custom rendering via render prop and children render function 1`] = `
<div>
  <div
    class="pretty"
    data-testid="pcr-wrapper"
  >
    <input
      data-testid="pcr-input"
      type="checkbox"
      value=""
    />
    <p
      data-testid="custom-test"
    >
      Hello
    </p>
  </div>
</div>
`;
